// Jest Snapshot v1, https://goo.gl/fbAQLP

exports[`Button Render Correctly 1`] = `
<View
  accessible={true}
  collapsable={false}
  focusable={true}
  onClick={[Function]}
  onResponderGrant={[Function]}
  onResponderMove={[Function]}
  onResponderRelease={[Function]}
  onResponderTerminate={[Function]}
  onResponderTerminationRequest={[Function]}
  onStartShouldSetResponder={[Function]}
  style={
    Object {
      "opacity": 1,
    }
  }
>
  <Text
    className="sc-bczRLJ bLKfFM"
    color="#2C2C2B"
    style={
      Object {
        "color": "#FFF",
        "textAlign": "center",
      }
    }
  >
    Button Test
  </Text>
</View>
`;
